// Jest Snapshot v1, https://goo.gl/fbAQLP

exports[`Gilded Rose Approval should foo 1`] = `
[
  Item {
    "name": "foo",
    "quality": 0,
    "sellIn": 0,
  },
]
`;

exports[`Gilded Rose Approval should thirtyDays 1`] = `
"OMGHAI!
-------- day 0 --------
name, sellIn, quality
+5 Dexterity Vest, 10, 20
Aged Brie, 2, 0
Elixir of the Mongoose, 5, 7
Sulfuras, Hand of Ragnaros, 0, 80
Sulfuras, Hand of Ragnaros, -1, 80
Backstage passes to a TAFKAL80ETC concert, 15, 20
Backstage passes to a TAFKAL80ETC concert, 10, 49
Backstage passes to a TAFKAL80ETC concert, 5, 49
Conjured Mana Cake, 3, 6

-------- day 1 --------
name, sellIn, quality
+5 Dexterity Vest, 9, 19
Aged Brie, 1, 1
Elixir of the Mongoose, 4, 6
Sulfuras, Hand of Ragnaros, 0, 80
Sulfuras, Hand of Ragnaros, -1, 80
Backstage passes to a TAFKAL80ETC concert, 14, 21
Backstage passes to a TAFKAL80ETC concert, 9, 50
Backstage passes to a TAFKAL80ETC concert, 4, 50
Conjured Mana Cake, 2, 4

-------- day 2 --------
name, sellIn, quality
+5 Dexterity Vest, 8, 18
Aged Brie, 0, 2
Elixir of the Mongoose, 3, 5
Sulfuras, Hand of Ragnaros, 0, 80
Sulfuras, Hand of Ragnaros, -1, 80
Backstage passes to a TAFKAL80ETC concert, 13, 22
Backstage passes to a TAFKAL80ETC concert, 8, 50
Backstage passes to a TAFKAL80ETC concert, 3, 50
Conjured Mana Cake, 1, 2

-------- day 3 --------
name, sellIn, quality
+5 Dexterity Vest, 7, 17
Aged Brie, 0, 0
Elixir of the Mongoose, 2, 4
Sulfuras, Hand of Ragnaros, 0, 80
Sulfuras, Hand of Ragnaros, -1, 80
Backstage passes to a TAFKAL80ETC concert, 12, 23
Backstage passes to a TAFKAL80ETC concert, 7, 50
Backstage passes to a TAFKAL80ETC concert, 2, 50
Conjured Mana Cake, 0, 0

-------- day 4 --------
name, sellIn, quality
+5 Dexterity Vest, 6, 16
Aged Brie, 0, 0
Elixir of the Mongoose, 1, 3
Sulfuras, Hand of Ragnaros, 0, 80
Sulfuras, Hand of Ragnaros, -1, 80
Backstage passes to a TAFKAL80ETC concert, 11, 24
Backstage passes to a TAFKAL80ETC concert, 6, 50
Backstage passes to a TAFKAL80ETC concert, 1, 50
Conjured Mana Cake, 0, 0

-------- day 5 --------
name, sellIn, quality
+5 Dexterity Vest, 5, 15
Aged Brie, 0, 0
Elixir of the Mongoose, 0, 2
Sulfuras, Hand of Ragnaros, 0, 80
Sulfuras, Hand of Ragnaros, -1, 80
Backstage passes to a TAFKAL80ETC concert, 10, 25
Backstage passes to a TAFKAL80ETC concert, 5, 50
Backstage passes to a TAFKAL80ETC concert, 0, 50
Conjured Mana Cake, 0, 0

-------- day 6 --------
name, sellIn, quality
+5 Dexterity Vest, 4, 14
Aged Brie, 0, 0
Elixir of the Mongoose, 0, 1
Sulfuras, Hand of Ragnaros, 0, 80
Sulfuras, Hand of Ragnaros, -1, 80
Backstage passes to a TAFKAL80ETC concert, 9, 27
Backstage passes to a TAFKAL80ETC concert, 4, 50
Backstage passes to a TAFKAL80ETC concert, 0, 0
Conjured Mana Cake, 0, 0

-------- day 7 --------
name, sellIn, quality
+5 Dexterity Vest, 3, 13
Aged Brie, 0, 0
Elixir of the Mongoose, 0, 0
Sulfuras, Hand of Ragnaros, 0, 80
Sulfuras, Hand of Ragnaros, -1, 80
Backstage passes to a TAFKAL80ETC concert, 8, 29
Backstage passes to a TAFKAL80ETC concert, 3, 50
Backstage passes to a TAFKAL80ETC concert, 0, 0
Conjured Mana Cake, 0, 0

-------- day 8 --------
name, sellIn, quality
+5 Dexterity Vest, 2, 12
Aged Brie, 0, 0
Elixir of the Mongoose, 0, 0
Sulfuras, Hand of Ragnaros, 0, 80
Sulfuras, Hand of Ragnaros, -1, 80
Backstage passes to a TAFKAL80ETC concert, 7, 31
Backstage passes to a TAFKAL80ETC concert, 2, 50
Backstage passes to a TAFKAL80ETC concert, 0, 0
Conjured Mana Cake, 0, 0

-------- day 9 --------
name, sellIn, quality
+5 Dexterity Vest, 1, 11
Aged Brie, 0, 0
Elixir of the Mongoose, 0, 0
Sulfuras, Hand of Ragnaros, 0, 80
Sulfuras, Hand of Ragnaros, -1, 80
Backstage passes to a TAFKAL80ETC concert, 6, 33
Backstage passes to a TAFKAL80ETC concert, 1, 50
Backstage passes to a TAFKAL80ETC concert, 0, 0
Conjured Mana Cake, 0, 0

-------- day 10 --------
name, sellIn, quality
+5 Dexterity Vest, 0, 10
Aged Brie, 0, 0
Elixir of the Mongoose, 0, 0
Sulfuras, Hand of Ragnaros, 0, 80
Sulfuras, Hand of Ragnaros, -1, 80
Backstage passes to a TAFKAL80ETC concert, 5, 35
Backstage passes to a TAFKAL80ETC concert, 0, 50
Backstage passes to a TAFKAL80ETC concert, 0, 0
Conjured Mana Cake, 0, 0

-------- day 11 --------
name, sellIn, quality
+5 Dexterity Vest, 0, 9
Aged Brie, 0, 0
Elixir of the Mongoose, 0, 0
Sulfuras, Hand of Ragnaros, 0, 80
Sulfuras, Hand of Ragnaros, -1, 80
Backstage passes to a TAFKAL80ETC concert, 4, 38
Backstage passes to a TAFKAL80ETC concert, 0, 0
Backstage passes to a TAFKAL80ETC concert, 0, 0
Conjured Mana Cake, 0, 0

-------- day 12 --------
name, sellIn, quality
+5 Dexterity Vest, 0, 8
Aged Brie, 0, 0
Elixir of the Mongoose, 0, 0
Sulfuras, Hand of Ragnaros, 0, 80
Sulfuras, Hand of Ragnaros, -1, 80
Backstage passes to a TAFKAL80ETC concert, 3, 41
Backstage passes to a TAFKAL80ETC concert, 0, 0
Backstage passes to a TAFKAL80ETC concert, 0, 0
Conjured Mana Cake, 0, 0

-------- day 13 --------
name, sellIn, quality
+5 Dexterity Vest, 0, 7
Aged Brie, 0, 0
Elixir of the Mongoose, 0, 0
Sulfuras, Hand of Ragnaros, 0, 80
Sulfuras, Hand of Ragnaros, -1, 80
Backstage passes to a TAFKAL80ETC concert, 2, 44
Backstage passes to a TAFKAL80ETC concert, 0, 0
Backstage passes to a TAFKAL80ETC concert, 0, 0
Conjured Mana Cake, 0, 0

-------- day 14 --------
name, sellIn, quality
+5 Dexterity Vest, 0, 6
Aged Brie, 0, 0
Elixir of the Mongoose, 0, 0
Sulfuras, Hand of Ragnaros, 0, 80
Sulfuras, Hand of Ragnaros, -1, 80
Backstage passes to a TAFKAL80ETC concert, 1, 47
Backstage passes to a TAFKAL80ETC concert, 0, 0
Backstage passes to a TAFKAL80ETC concert, 0, 0
Conjured Mana Cake, 0, 0

-------- day 15 --------
name, sellIn, quality
+5 Dexterity Vest, 0, 5
Aged Brie, 0, 0
Elixir of the Mongoose, 0, 0
Sulfuras, Hand of Ragnaros, 0, 80
Sulfuras, Hand of Ragnaros, -1, 80
Backstage passes to a TAFKAL80ETC concert, 0, 50
Backstage passes to a TAFKAL80ETC concert, 0, 0
Backstage passes to a TAFKAL80ETC concert, 0, 0
Conjured Mana Cake, 0, 0

-------- day 16 --------
name, sellIn, quality
+5 Dexterity Vest, 0, 4
Aged Brie, 0, 0
Elixir of the Mongoose, 0, 0
Sulfuras, Hand of Ragnaros, 0, 80
Sulfuras, Hand of Ragnaros, -1, 80
Backstage passes to a TAFKAL80ETC concert, 0, 0
Backstage passes to a TAFKAL80ETC concert, 0, 0
Backstage passes to a TAFKAL80ETC concert, 0, 0
Conjured Mana Cake, 0, 0

-------- day 17 --------
name, sellIn, quality
+5 Dexterity Vest, 0, 3
Aged Brie, 0, 0
Elixir of the Mongoose, 0, 0
Sulfuras, Hand of Ragnaros, 0, 80
Sulfuras, Hand of Ragnaros, -1, 80
Backstage passes to a TAFKAL80ETC concert, 0, 0
Backstage passes to a TAFKAL80ETC concert, 0, 0
Backstage passes to a TAFKAL80ETC concert, 0, 0
Conjured Mana Cake, 0, 0

-------- day 18 --------
name, sellIn, quality
+5 Dexterity Vest, 0, 2
Aged Brie, 0, 0
Elixir of the Mongoose, 0, 0
Sulfuras, Hand of Ragnaros, 0, 80
Sulfuras, Hand of Ragnaros, -1, 80
Backstage passes to a TAFKAL80ETC concert, 0, 0
Backstage passes to a TAFKAL80ETC concert, 0, 0
Backstage passes to a TAFKAL80ETC concert, 0, 0
Conjured Mana Cake, 0, 0

-------- day 19 --------
name, sellIn, quality
+5 Dexterity Vest, 0, 1
Aged Brie, 0, 0
Elixir of the Mongoose, 0, 0
Sulfuras, Hand of Ragnaros, 0, 80
Sulfuras, Hand of Ragnaros, -1, 80
Backstage passes to a TAFKAL80ETC concert, 0, 0
Backstage passes to a TAFKAL80ETC concert, 0, 0
Backstage passes to a TAFKAL80ETC concert, 0, 0
Conjured Mana Cake, 0, 0

-------- day 20 --------
name, sellIn, quality
+5 Dexterity Vest, 0, 0
Aged Brie, 0, 0
Elixir of the Mongoose, 0, 0
Sulfuras, Hand of Ragnaros, 0, 80
Sulfuras, Hand of Ragnaros, -1, 80
Backstage passes to a TAFKAL80ETC concert, 0, 0
Backstage passes to a TAFKAL80ETC concert, 0, 0
Backstage passes to a TAFKAL80ETC concert, 0, 0
Conjured Mana Cake, 0, 0

-------- day 21 --------
name, sellIn, quality
+5 Dexterity Vest, 0, 0
Aged Brie, 0, 0
Elixir of the Mongoose, 0, 0
Sulfuras, Hand of Ragnaros, 0, 80
Sulfuras, Hand of Ragnaros, -1, 80
Backstage passes to a TAFKAL80ETC concert, 0, 0
Backstage passes to a TAFKAL80ETC concert, 0, 0
Backstage passes to a TAFKAL80ETC concert, 0, 0
Conjured Mana Cake, 0, 0

-------- day 22 --------
name, sellIn, quality
+5 Dexterity Vest, 0, 0
Aged Brie, 0, 0
Elixir of the Mongoose, 0, 0
Sulfuras, Hand of Ragnaros, 0, 80
Sulfuras, Hand of Ragnaros, -1, 80
Backstage passes to a TAFKAL80ETC concert, 0, 0
Backstage passes to a TAFKAL80ETC concert, 0, 0
Backstage passes to a TAFKAL80ETC concert, 0, 0
Conjured Mana Cake, 0, 0

-------- day 23 --------
name, sellIn, quality
+5 Dexterity Vest, 0, 0
Aged Brie, 0, 0
Elixir of the Mongoose, 0, 0
Sulfuras, Hand of Ragnaros, 0, 80
Sulfuras, Hand of Ragnaros, -1, 80
Backstage passes to a TAFKAL80ETC concert, 0, 0
Backstage passes to a TAFKAL80ETC concert, 0, 0
Backstage passes to a TAFKAL80ETC concert, 0, 0
Conjured Mana Cake, 0, 0

-------- day 24 --------
name, sellIn, quality
+5 Dexterity Vest, 0, 0
Aged Brie, 0, 0
Elixir of the Mongoose, 0, 0
Sulfuras, Hand of Ragnaros, 0, 80
Sulfuras, Hand of Ragnaros, -1, 80
Backstage passes to a TAFKAL80ETC concert, 0, 0
Backstage passes to a TAFKAL80ETC concert, 0, 0
Backstage passes to a TAFKAL80ETC concert, 0, 0
Conjured Mana Cake, 0, 0

-------- day 25 --------
name, sellIn, quality
+5 Dexterity Vest, 0, 0
Aged Brie, 0, 0
Elixir of the Mongoose, 0, 0
Sulfuras, Hand of Ragnaros, 0, 80
Sulfuras, Hand of Ragnaros, -1, 80
Backstage passes to a TAFKAL80ETC concert, 0, 0
Backstage passes to a TAFKAL80ETC concert, 0, 0
Backstage passes to a TAFKAL80ETC concert, 0, 0
Conjured Mana Cake, 0, 0

-------- day 26 --------
name, sellIn, quality
+5 Dexterity Vest, 0, 0
Aged Brie, 0, 0
Elixir of the Mongoose, 0, 0
Sulfuras, Hand of Ragnaros, 0, 80
Sulfuras, Hand of Ragnaros, -1, 80
Backstage passes to a TAFKAL80ETC concert, 0, 0
Backstage passes to a TAFKAL80ETC concert, 0, 0
Backstage passes to a TAFKAL80ETC concert, 0, 0
Conjured Mana Cake, 0, 0

-------- day 27 --------
name, sellIn, quality
+5 Dexterity Vest, 0, 0
Aged Brie, 0, 0
Elixir of the Mongoose, 0, 0
Sulfuras, Hand of Ragnaros, 0, 80
Sulfuras, Hand of Ragnaros, -1, 80
Backstage passes to a TAFKAL80ETC concert, 0, 0
Backstage passes to a TAFKAL80ETC concert, 0, 0
Backstage passes to a TAFKAL80ETC concert, 0, 0
Conjured Mana Cake, 0, 0

-------- day 28 --------
name, sellIn, quality
+5 Dexterity Vest, 0, 0
Aged Brie, 0, 0
Elixir of the Mongoose, 0, 0
Sulfuras, Hand of Ragnaros, 0, 80
Sulfuras, Hand of Ragnaros, -1, 80
Backstage passes to a TAFKAL80ETC concert, 0, 0
Backstage passes to a TAFKAL80ETC concert, 0, 0
Backstage passes to a TAFKAL80ETC concert, 0, 0
Conjured Mana Cake, 0, 0

-------- day 29 --------
name, sellIn, quality
+5 Dexterity Vest, 0, 0
Aged Brie, 0, 0
Elixir of the Mongoose, 0, 0
Sulfuras, Hand of Ragnaros, 0, 80
Sulfuras, Hand of Ragnaros, -1, 80
Backstage passes to a TAFKAL80ETC concert, 0, 0
Backstage passes to a TAFKAL80ETC concert, 0, 0
Backstage passes to a TAFKAL80ETC concert, 0, 0
Conjured Mana Cake, 0, 0

-------- day 30 --------
name, sellIn, quality
+5 Dexterity Vest, 0, 0
Aged Brie, 0, 0
Elixir of the Mongoose, 0, 0
Sulfuras, Hand of Ragnaros, 0, 80
Sulfuras, Hand of Ragnaros, -1, 80
Backstage passes to a TAFKAL80ETC concert, 0, 0
Backstage passes to a TAFKAL80ETC concert, 0, 0
Backstage passes to a TAFKAL80ETC concert, 0, 0
Conjured Mana Cake, 0, 0

"
`;
